No config path provided, using default 'drizzle.config.ts'
Reading config file 'E:\code\billu\drizzle.config.ts'
◇ injected env (7) from .env.local // tip: ⌘ override existing { override: true }
Using 'postgres' driver for database querying
[⣷] Pulling schema from database...
[2K[1G[⣯] Pulling schema from database...
[2K[1G[⣟] Pulling schema from database...
[2K[1G[⡿] Pulling schema from database...
[2K[1G[⢿] Pulling schema from database...
[2K[1G[⣻] Pulling schema from database...
[2K[1G[⣽] Pulling schema from database...
[2K[1G[⣷] Pulling schema from database...
[2K[1G[⣯] Pulling schema from database...
[2K[1G[⣟] Pulling schema from database...
[2K[1G[⡿] Pulling schema from database...
[2K[1G[⢿] Pulling schema from database...
[2K[1G[⣻] Pulling schema from database...
[2K[1G[⣽] Pulling schema from database...
[2K[1G[⣷] Pulling schema from database...
[2K[1G[⣯] Pulling schema from database...
[2K[1G[⣟] Pulling schema from database...
[2K[1G[⡿] Pulling schema from database...
[2K[1G[⢿] Pulling schema from database...
[2K[1G[⣻] Pulling schema from database...
[2K[1G[⣽] Pulling schema from database...
[2K[1G[⣷] Pulling schema from database...
[2K[1G[⣯] Pulling schema from database...
[2K[1G[⣟] Pulling schema from database...
[2K[1G[⡿] Pulling schema from database...
[2K[1G[⢿] Pulling schema from database...
[2K[1G[⣻] Pulling schema from database...
[2K[1G[⣽] Pulling schema from database...
[2K[1G[⣷] Pulling schema from database...
[2K[1G[⣯] Pulling schema from database...
[2K[1G[⣟] Pulling schema from database...
[2K[1G[⡿] Pulling schema from database...
[2K[1G[⢿] Pulling schema from database...
[2K[1G[⣻] Pulling schema from database...
[2K[1G[⣽] Pulling schema from database...
[2K[1G[⣷] Pulling schema from database...
[2K[1G[⣯] Pulling schema from database...
[2K[1G[⣟] Pulling schema from database...
[2K[1G[⡿] Pulling schema from database...
[2K[1G[⢿] Pulling schema from database...
[2K[1G[⣻] Pulling schema from database...
[2K[1G[⣽] Pulling schema from database...
[2K[1G[⣷] Pulling schema from database...
[2K[1G[⣯] Pulling schema from database...
[2K[1G[⣟] Pulling schema from database...
[2K[1G[⡿] Pulling schema from database...
[2K[1G[⢿] Pulling schema from database...
[2K[1G[⣻] Pulling schema from database...
[2K[1G[⣽] Pulling schema from database...
[2K[1G[⣷] Pulling schema from database...
[2K[1G[⣯] Pulling schema from database...
[2K[1G[⣟] Pulling schema from database...
[2K[1G[⡿] Pulling schema from database...
[2K[1G[⢿] Pulling schema from database...
[2K[1G[⣻] Pulling schema from database...
[2K[1G[⣽] Pulling schema from database...
[2K[1G[✓] Pulling schema from database...
· You're about to add daily_banners_date_unique unique constraint to the table, which contains 1 items. If this statement fails, you will receive an error from the database. Do you want to truncate daily_banners table?

Error: Interactive prompts require a TTY terminal (process.stdin.isTTY or process.stdout.isTTY is false). This can happen when running in CI, piped input, or non-interactive shells.
    at render10 (E:\code\billu\node_modules\.pnpm\drizzle-kit@0.31.10\node_modules\drizzle-kit\bin.cjs:1450:31)
    at pgSuggestions (E:\code\billu\node_modules\.pnpm\drizzle-kit@0.31.10\node_modules\drizzle-kit\bin.cjs:80452:69)
    at process.processTicksAndRejections (node:internal/process/task_queues:104:5)
    at async pgPush (E:\code\billu\node_modules\.pnpm\drizzle-kit@0.31.10\node_modules\drizzle-kit\bin.cjs:82725:15)
    at async Object.handler (E:\code\billu\node_modules\.pnpm\drizzle-kit@0.31.10\node_modules\drizzle-kit\bin.cjs:92226:9)
    at async run (E:\code\billu\node_modules\.pnpm\drizzle-kit@0.31.10\node_modules\drizzle-kit\bin.cjs:91472:7)
